// Jest Snapshot v1, https://goo.gl/fbAQLP

exports[`<Loader /> constructing and rendering with async calls in progress should render correctly 1`] = `
<WithStyles(Loader)
  asyncCalls={
    Object {
      "inProgress": true,
    }
  }
  classes={
    Object {
      "loaderContainer": "loaderContainer",
    }
  }
>
  <Loader
    asyncCalls={
      Object {
        "inProgress": true,
      }
    }
    classes={
      Object {
        "loaderContainer": "Loader-loaderContainer-1 loaderContainer",
      }
    }
  >
    <div
      className="Loader-loaderContainer-1 loaderContainer"
    >
      <WithStyles(LinearProgress)>
        <LinearProgress
          classes={
            Object {
              "bar": "MuiLinearProgress-bar-10",
              "bar1Buffer": "MuiLinearProgress-bar1Buffer-15",
              "bar1Determinate": "MuiLinearProgress-bar1Determinate-14",
              "bar1Indeterminate": "MuiLinearProgress-bar1Indeterminate-13",
              "bar2Buffer": "MuiLinearProgress-bar2Buffer-18",
              "bar2Determinate": "MuiLinearProgress-bar2Determinate-17",
              "bar2Indeterminate": "MuiLinearProgress-bar2Indeterminate-16",
              "barColorPrimary": "MuiLinearProgress-barColorPrimary-11",
              "barColorSecondary": "MuiLinearProgress-barColorSecondary-12",
              "buffer": "MuiLinearProgress-buffer-5",
              "colorPrimary": "MuiLinearProgress-colorPrimary-3",
              "colorSecondary": "MuiLinearProgress-colorSecondary-4",
              "dashed": "MuiLinearProgress-dashed-7",
              "dashedColorPrimary": "MuiLinearProgress-dashedColorPrimary-8",
              "dashedColorSecondary": "MuiLinearProgress-dashedColorSecondary-9",
              "query": "MuiLinearProgress-query-6",
              "root": "MuiLinearProgress-root-2",
            }
          }
          color="primary"
          variant="indeterminate"
        >
          <div
            className="MuiLinearProgress-root-2 MuiLinearProgress-colorPrimary-3"
            role="progressbar"
          >
            <div
              className="MuiLinearProgress-bar-10 MuiLinearProgress-barColorPrimary-11 MuiLinearProgress-bar1Indeterminate-13"
              style={Object {}}
            />
            <div
              className="MuiLinearProgress-bar-10 MuiLinearProgress-barColorPrimary-11 MuiLinearProgress-bar2Indeterminate-16"
              style={Object {}}
            />
          </div>
        </LinearProgress>
      </WithStyles(LinearProgress)>
    </div>
  </Loader>
</WithStyles(Loader)>
`;

exports[`<Loader /> constructing and rendering with no async calls in progress should render correctly 1`] = `
<WithStyles(Loader)
  asyncCalls={
    Object {
      "inProgress": false,
    }
  }
  classes={
    Object {
      "loaderContainer": "loaderContainer",
    }
  }
>
  <Loader
    asyncCalls={
      Object {
        "inProgress": false,
      }
    }
    classes={
      Object {
        "loaderContainer": "Loader-loaderContainer-1 loaderContainer",
      }
    }
  >
    <div
      className="Loader-loaderContainer-1 loaderContainer"
    />
  </Loader>
</WithStyles(Loader)>
`;
