// Jest Snapshot v1, https://goo.gl/fbAQLP

exports[`<Loader /> constructing and rendering with async calls in progress should render correctly 1`] = `
<Loader
  asyncCalls={
    Object {
      "inProgress": true,
    }
  }
  classes={
    Object {
      "loaderContainer": "loaderContainer",
    }
  }
>
  <div
    className="loaderContainer"
  >
    <WithStyles(LinearProgress)>
      <LinearProgress
        classes={
          Object {
            "bar": "MuiLinearProgress-bar-9",
            "bar1Buffer": "MuiLinearProgress-bar1Buffer-14",
            "bar1Determinate": "MuiLinearProgress-bar1Determinate-13",
            "bar1Indeterminate": "MuiLinearProgress-bar1Indeterminate-12",
            "bar2Buffer": "MuiLinearProgress-bar2Buffer-17",
            "bar2Determinate": "MuiLinearProgress-bar2Determinate-16",
            "bar2Indeterminate": "MuiLinearProgress-bar2Indeterminate-15",
            "barColorPrimary": "MuiLinearProgress-barColorPrimary-10",
            "barColorSecondary": "MuiLinearProgress-barColorSecondary-11",
            "buffer": "MuiLinearProgress-buffer-4",
            "colorPrimary": "MuiLinearProgress-colorPrimary-2",
            "colorSecondary": "MuiLinearProgress-colorSecondary-3",
            "dashed": "MuiLinearProgress-dashed-6",
            "dashedColorPrimary": "MuiLinearProgress-dashedColorPrimary-7",
            "dashedColorSecondary": "MuiLinearProgress-dashedColorSecondary-8",
            "query": "MuiLinearProgress-query-5",
            "root": "MuiLinearProgress-root-1",
          }
        }
        color="primary"
        variant="indeterminate"
      >
        <div
          className="MuiLinearProgress-root-1 MuiLinearProgress-colorPrimary-2"
          role="progressbar"
        >
          <div
            className="MuiLinearProgress-bar-9 MuiLinearProgress-barColorPrimary-10 MuiLinearProgress-bar1Indeterminate-12"
            style={Object {}}
          />
          <div
            className="MuiLinearProgress-bar-9 MuiLinearProgress-barColorPrimary-10 MuiLinearProgress-bar2Indeterminate-15"
            style={Object {}}
          />
        </div>
      </LinearProgress>
    </WithStyles(LinearProgress)>
  </div>
</Loader>
`;

exports[`<Loader /> constructing and rendering with no async calls in progress should render correctly 1`] = `
<Loader
  asyncCalls={
    Object {
      "inProgress": false,
    }
  }
  classes={
    Object {
      "loaderContainer": "loaderContainer",
    }
  }
>
  <div
    className="loaderContainer"
  />
</Loader>
`;
